
> church-web-app@0.0.0 build
> tsc -b && vite build

src/pages/landing/index.tsx(24,41): error TS18047: 'hero' is possibly 'null'.
src/pages/landing/index.tsx(41,18): error TS18047: 'hero' is possibly 'null'.
Build failed on Sat 10/05/2024 20:15:31.04 
v20.9.0
10.1.0
